2025-09-22T07:12:50 exception: Failed to open "/home/tToast/.mpd/mpdstate": No such file or directory
2025-09-22T07:12:50 update: added MyAlbum/Set It Off - I'll Sleep When I'm Dead.mp3
2025-09-22T07:12:50 update: added MyAlbum/whatsaheart - lovesick.mp3
2025-09-22T07:12:50 update: added MyAlbum/issey - MoeChakkaFire.mp3
2025-09-22T07:12:50 update: added MyAlbum/takaokamizuki, Kasane Teto - Ochame Kinou - Cover.mp3
2025-09-22T07:12:50 update: added MyAlbum/Kairikibear - BUG.mp3
2025-09-22T07:12:50 update: added MyAlbum/稲葉曇 - Secret Music.mp3
2025-09-22T07:12:50 update: added MyAlbum/plasterbrain, twzzl - Nimbasa CORE (twzzl Remix).mp3
2025-09-22T07:12:50 update: added MyAlbum/Vertigoaway - Hexing the Moon.mp3
2025-09-22T07:12:50 update: added MyAlbum/Dazey and the Scouts - Groan.mp3
2025-09-22T07:12:50 update: added MyAlbum/femtanyl, ISSBROKIE - NASTYWERKKKK!.mp3
2025-09-22T07:12:50 update: added MyAlbum/Pisca - guoba113一直啊付啊Escape Containment.mp3
2025-09-22T07:12:50 update: added MyAlbum/DECO27 - モニタリング.mp3
2025-09-22T07:12:50 update: added MyAlbum/Ken Ashcorp - Absolute Territory.mp3
2025-09-22T07:12:50 update: added MyAlbum/SICK HACK - ワタシダケユウレイ.mp3
2025-09-22T07:12:50 update: added MyAlbum/DECO27 - テレパシ.mp3
2025-09-22T07:12:50 update: added MyAlbum/whatsaheart - howling.mp3
2025-09-22T07:12:50 update: added MyAlbum/Goreshit - Toromi Hearts 2.mp3
2025-09-22T07:12:50 update: added MyAlbum/crxw - sch4denfreud3.mp3
2025-09-22T07:12:50 update: added MyAlbum/Mili, ENDER LILIES - Bulbel.mp3
2025-09-22T07:12:50 update: added MyAlbum/DECO27 - ラビットホール.mp3
2025-09-22T07:12:50 update: added MyAlbum/9Lana - プロポーズ.mp3
2025-09-22T07:12:50 update: added MyAlbum/DECO27 - チェリーポップ.mp3
2025-09-22T07:12:50 update: added MyAlbum/Kinoshita Crazy, Kasane Teto - Heart Stealing Girl.mp3
2025-09-22T07:12:50 update: added MyAlbum/Sati Akura - INTERNET YAMERO - Russian ver..mp3
2025-09-22T07:12:50 update: added MyAlbum/Team Mekano - Spiral 2005 - Total 90s Bliss Remix.mp3
2025-09-22T07:12:50 update: added MyAlbum/Machine Girl - Cyan Hardcore.mp3
2025-09-22T07:12:50 update: added MyAlbum/my head hurts - tomoko a cute.mp3
2025-09-22T07:12:50 update: added MyAlbum/Duran Duran - INVISIBLE.mp3
2025-09-22T07:12:50 update: added MyAlbum/柊マグネタイト - Tetoris.mp3
2025-09-22T07:12:50 update: added MyAlbum/Golemm - Untouchable.mp3
2025-09-22T07:12:50 update: added MyAlbum/Enjambre, Denise Gutiérrez - Impacto.mp3
2025-09-22T07:12:50 update: added MyAlbum/MAXIMUM THE HORMONE - ChuChu Lovely MuniMuni MuraMura PrinPrin Boron Nururu ReroRero.mp3
2025-09-22T07:12:50 update: added MyAlbum/32ki, Hatsune Miku, 重音テト - メズマライザー (feat. 初音ミク&重音テト).mp3
2025-09-22T07:12:50 update: added MyAlbum/Sasuke Haraguchi - HITO Mania.mp3
2025-09-22T07:12:50 update: added MyAlbum/NEEDY GIRL OVERDOSE, KOTOKO, Aiobahn +81 - INTERNET OVERDOSE.mp3
2025-09-22T07:12:50 update: added MyAlbum/Weezer - Buddy Holly.mp3
2025-09-22T07:12:50 update: added MyAlbum/psiangel - Fill my heart up with sunshine!.mp3
2025-09-22T07:12:50 update: added MyAlbum/TOKYOPILL - Heaven's ULTRA.mp3
2025-09-22T07:12:50 update: added MyAlbum/稲葉曇 - Pascal Beats.mp3
2025-09-22T07:12:50 update: added MyAlbum/DECO27 - Ghost Rule.mp3
2025-09-22T07:12:50 update: added MyAlbum/sumika - Shake & Shake.mp3
2025-09-22T07:12:50 update: added MyAlbum/Ado - ROCKSTAR.mp3
2025-09-22T07:12:50 update: added MyAlbum/マサラダ - Liar Dancer.mp3
2025-09-22T07:12:50 update: added MyAlbum/FLAVOR FOLEY - Spoken For.mp3
2025-09-22T07:12:50 update: added MyAlbum/whatsaheart - for her.mp3
2025-09-22T07:12:50 update: added MyAlbum/稲葉曇 - ラグトレイン.mp3
2025-09-22T07:12:50 update: added MyAlbum/Kairikibear, MARETU - FAILURE GIRL - MARETU Remix.mp3
2025-09-22T07:12:50 update: added MyAlbum/さたぱんP - YABABAINA.mp3
2025-09-22T07:12:50 update: added MyAlbum/Jamie Paige - Machine Love.mp3
2025-09-22T07:12:50 update: added MyAlbum/BRN1NG BRAIN SOUND INDUSTRIES - Love Lv.mp3
2025-09-22T07:12:50 update: added MyAlbum/稲葉曇 - リレイアウター.mp3
2025-09-22T07:12:50 update: added MyAlbum/NAKISO - Retry Now.mp3
2025-09-22T07:12:50 update: added MyAlbum/Vertigoaway - Synchro Destruction Wave.mp3
2025-09-22T07:12:50 update: added MyAlbum/tricot, Audiotree - 18,19 - Audiotree Live Version.mp3
2025-09-22T07:12:50 update: added MyAlbum/桜島麻衣(CV-瀬戸麻沙美), 古賀朋絵(CV-東山奈央), 双葉理央(CV-種﨑敦美), 豊浜のどか(CV-内田真礼), 梓川かえで(CV-久保ユリカ), 牧之原翔子(CV-水瀬いのり) - 不可思議のカルテ.mp3
2025-09-22T07:12:50 update: added MyAlbum/Rory in early 20s - Samuto Ischu.mp3
2025-09-22T07:12:50 update: added MyAlbum/稲葉曇 - Lost Umbrella.mp3
2025-09-22T07:12:50 update: added MyAlbum/femtanyl - PUSH UR T3MPRR.mp3
2025-09-22T07:12:50 update: added MyAlbum/Clarion - Hello Juliet.mp3
2025-09-22T07:12:50 update: added MyAlbum/Jamie Paige - Dance Delightful.mp3
2025-09-22T07:12:50 update: added MyAlbum/Aphex Twin - 54 Cymru Beats.mp3
2025-09-22T07:12:50 update: added MyAlbum/Dr. Love - Don't stand so close.mp3
2025-09-22T07:12:50 update: added MyAlbum/Creepy Nuts - オトノケ - Otonoke.mp3
2025-09-22T07:12:50 update: added MyAlbum/TAK, Hatsune Miku - LEMON MELON COOKIE.mp3
2025-09-22T07:12:50 update: added MyAlbum/Ninomae Ina’nis, Ouro Kronii, Shiori Novella, Gigi Murin - MONSTER.mp3
2025-09-22T07:12:50 update: added MyAlbum/稲葉曇 - Anticyclone.mp3
2025-09-22T07:12:50 update: added MyAlbum/Vylet Pony - ANTONYMPH - 2009 N3WGR0UNDZ V3RS10N! 3.mp3
Warning: Xing stream size off by more than 1%, fuzzy seeking may be even more fuzzy than by design!
2025-09-22T07:12:50 update: added MyAlbum/稲葉曇 - NON-USE.mp3
2025-09-22T07:12:50 update: added MyAlbum/稲葉曇 - Floating Moonlight City.mp3
2025-09-22T07:12:50 update: added MyAlbum/Kiichi - ヴァルゴ.mp3
2025-09-22T07:12:50 update: added MyAlbum/rehirable - look at me haphazardly.mp3
2025-09-22T07:12:50 update: added MyAlbum/Mindless Self Indulgence - Shut Me Up.mp3
2025-09-22T07:12:50 update: added MyAlbum/femtanyl - KATAMARI.mp3
2025-09-22T07:12:50 update: added MyAlbum/BABYMETAL, Slaughter to Prevail - Song 3.mp3
2025-09-22T07:12:50 update: added MyAlbum/Sasuke Haraguchi - Medicine.mp3
2025-09-22T07:12:50 update: added MyAlbum/Vane Lily, Jamie Paige, ricedeity - Butcher Vanity.mp3
2025-09-22T07:12:50 update: added MyAlbum/Yoshida Yasei - Override.mp3
2025-09-22T07:12:50 update: added MyAlbum/my head hurts - ending to a worthless life.mp3
2025-09-22T07:12:50 update: added MyAlbum/DECO27 - LIAR DANCE.mp3
2025-09-22T07:12:50 update: added MyAlbum/稲葉曇 - Loop Spinner.mp3
2025-09-22T07:12:50 update: added MyAlbum/Bring Me The Horizon, BABYMETAL - Kingslayer (feat. BABYMETAL).mp3
2025-09-22T07:12:50 update: added MyAlbum/Kit Walters - A Soul Can't Be Cut - Platinum Mix.mp3
2025-09-22T07:12:50 update: added MyAlbum/mekaloton - KILLSWITCH.mp3
2025-09-22T07:12:50 update: added MyAlbum/稲葉曇 - Tears Radar.mp3
2025-09-22T07:12:50 update: added MyAlbum/NEEDY GIRL OVERDOSE, KOTOKO, Aiobahn +81 - INTERNET YAMERO.mp3
2025-09-22T07:12:50 update: added MyAlbum/Set It Off - Wolf in Sheep's Clothing (feat. William Beckett).mp3
2025-09-22T07:12:50 update: added MyAlbum/稲葉曇 - Billow of Fireworks.mp3
2025-09-22T07:12:50 update: added MyAlbum/$i#dzy - Dawn of f@ilur3.mp3
2025-09-22T07:12:50 update: added MyAlbum/稲葉曇 - レイニーブーツ.mp3
2025-09-22T07:12:50 update: added MyAlbum/whatsaheart - snakelike (the stars collide).mp3
2025-09-22T07:12:50 update: added MyAlbum/DECO27 - The Vampire.mp3
2025-09-22T07:12:50 update: added MyAlbum/Limp Bizkit - Break Stuff.mp3
2025-09-22T07:12:50 update: added MyAlbum/Vertigoaway - vaginoplasty triology (3 years).mp3
2025-09-22T07:12:50 update: added MyAlbum/decaying - Triple Baka.mp3
2025-09-22T07:12:50 update: added MyAlbum/Belanova - Rosa Pastel.mp3
2025-09-22T07:12:50 update: added MyAlbum/SiM - Devil in Your Heart.mp3
2025-09-22T07:12:50 update: added MyAlbum/Good Kid - From the Start.mp3
2025-09-22T07:12:50 update: added MyAlbum/稲葉曇 - The stars get dark.mp3
2025-09-22T07:12:50 update: added MyAlbum/SAWTOWNE - Confessions of a Rotten Girl.mp3
2025-09-22T07:12:50 update: added MyAlbum/稲葉曇 - COOLER GIRL.mp3
2025-09-22T07:12:50 update: added MyAlbum/Ado - Buriki No Dance.mp3
2025-09-22T07:12:50 update: added MyAlbum/稲葉曇 - An image in the making.mp3
2025-09-22T07:12:50 update: added MyAlbum/FLAVOR FOLEY - Static.mp3
2025-09-22T07:12:50 update: added MyAlbum/32ki, Hatsune Miku, 重音テト - オブソミート (feat. 初音ミク&重音テト).mp3
2025-09-22T07:12:50 update: added MyAlbum/Mili - Gone Angels.mp3
2025-09-22T07:12:50 update: added MyAlbum/BABYMETAL - Gimme Chocolate!!.mp3
2025-09-22T07:12:50 update: added MyAlbum/Lil Texas - Die Young.mp3
2025-09-22T07:12:50 update: added MyAlbum/SAWTOWNE, Hatsune Miku - M@GICAL CURE! LOVE SHOT! (feat. Hatsune Miku).mp3
2025-09-22T07:12:50 update: added MyAlbum/エレン・ジョー(CV-若山詩音) - MoeChakkaFire.mp3
2025-09-22T07:12:50 update: added MyAlbum/Gorillaz, De La Soul - Feel Good Inc..mp3
2025-09-22T07:12:50 update: added MyAlbum/jon-YAKITORY - YAMADA PERFECT.mp3
2025-09-22T07:12:50 update: added MyAlbum/femtanyl - GIRL HELL 1999.mp3
2025-09-22T07:12:50 update: added MyAlbum/カロンズベカラズ - Paralyzer.mp3
2025-09-22T07:12:50 update: added MyAlbum/Denise - Burning Like A Flame.mp3
2025-09-22T07:12:50 update: added MyAlbum/Goreshit - Fine Night.mp3
2025-09-22T07:12:50 update: added MyAlbum/Jamie Paige, OK Glass - BIRDBRAIN.mp3
2025-09-22T07:12:50 update: added MyAlbum/稲葉曇 - Copy and Pastime.mp3
Warning: Xing stream size off by more than 1%, fuzzy seeking may be even more fuzzy than by design!
2025-09-22T07:51:40 player: played "MyAlbum/稲葉曇 - NON-USE.mp3"
Warning: Xing stream size off by more than 1%, fuzzy seeking may be even more fuzzy than by design!
2025-09-22T09:56:17 player: played "MyAlbum/稲葉曇 - NON-USE.mp3"
2025-09-22T21:26:19 exception: Failed to create /home/tToast/.mpd/mpdstate: No such file or directory
2025-09-22T21:29:30 state_file: Loading state file /home/tToast/.config/mpd/mpdstate
2025-09-22T21:29:30 event: RTIOThread could not get realtime scheduling, continuing anyway: sched_setscheduler failed: Operation not permitted
2025-09-22T21:29:30 inotify: initializing inotify
2025-09-22T21:29:30 exception: inotify_add_watch("/home/tToast/.config/mpd/Music") failed: No such file or directory
2025-09-22T21:29:31 client: [127.0.0.1:48238] client connected
2025-09-22T21:29:31 client: [127.0.0.1:48238] process command "binarylimit 5242880"
2025-09-22T21:29:31 client: [127.0.0.1:48238] command returned 0
2025-09-22T21:29:31 client: [127.0.0.1:48238] process command "idle"
2025-09-22T21:29:31 client: [127.0.0.1:48238] command returned 1
2025-09-22T21:29:31 client: [127.0.0.1:48238] process command "playlistinfo"
2025-09-22T21:29:31 client: [127.0.0.1:48238] command returned 0
2025-09-22T21:29:31 client: [127.0.0.1:48238] process command "status"
2025-09-22T21:29:31 mixer: Failed to read mixer for "default detected output": no such mixer control: PCM
2025-09-22T21:29:31 client: [127.0.0.1:48238] command returned 0
2025-09-22T21:29:31 client: [127.0.0.1:48238] process command "list Album"
2025-09-22T21:29:31 client: [127.0.0.1:48238] command returned 0
2025-09-22T21:29:31 client: [127.0.0.1:48238] process command "list AlbumArtist"
2025-09-22T21:29:31 client: [127.0.0.1:48238] command returned 0
2025-09-22T21:29:31 client: [127.0.0.1:48238] process command "listplaylists"
2025-09-22T21:29:31 client: [127.0.0.1:48238] command returned 0
2025-09-22T21:29:31 client: [127.0.0.1:48238] process command "list Artist"
2025-09-22T21:29:31 client: [127.0.0.1:48238] command returned 0
2025-09-22T21:29:31 client: [127.0.0.1:48238] process command "lsinfo"
2025-09-22T21:29:31 client: [127.0.0.1:48238] command returned 0
2025-09-22T21:29:31 client: [127.0.0.1:48238] process command "find \"((Album == ''))\""
2025-09-22T21:29:31 client: [127.0.0.1:48238] command returned 0
2025-09-22T21:29:31 client: [127.0.0.1:48238] process command "find \"((AlbumArtist == ''))\""
2025-09-22T21:29:31 client: [127.0.0.1:48238] command returned 0
2025-09-22T21:29:31 client: [127.0.0.1:48238] process command "find \"((Artist == ''))\""
2025-09-22T21:29:31 client: [127.0.0.1:48238] command returned 0
2025-09-22T21:29:31 client: [127.0.0.1:48238] process command "lsinfo \"MyAlbum\""
2025-09-22T21:29:31 client: [127.0.0.1:48238] command returned 0
2025-09-22T21:29:31 client: [127.0.0.1:48238] process command "idle"
2025-09-22T21:29:31 client: [127.0.0.1:48238] command returned 1
2025-09-22T21:29:44 state_file: Saving state file /home/tToast/.config/mpd/mpdstate
2025-09-22T21:30:05 event: RTIOThread could not get realtime scheduling, continuing anyway: sched_setscheduler failed: Operation not permitted
2025-09-22T21:30:05 state_file: Loading state file /home/tToast/.config/mpd/mpdstate
2025-09-22T21:30:05 inotify: initializing inotify
2025-09-22T21:30:05 inotify: watching music directory
2025-09-22T21:30:06 client: [127.0.0.1:38628] client connected
2025-09-22T21:30:06 client: [127.0.0.1:38628] process command "binarylimit 5242880"
2025-09-22T21:30:06 client: [127.0.0.1:38628] command returned 0
2025-09-22T21:30:06 client: [127.0.0.1:38628] process command "idle"
2025-09-22T21:30:06 client: [127.0.0.1:38628] command returned 1
2025-09-22T21:30:06 client: [127.0.0.1:38628] process command "playlistinfo"
2025-09-22T21:30:06 client: [127.0.0.1:38628] command returned 0
2025-09-22T21:30:06 client: [127.0.0.1:38628] process command "status"
2025-09-22T21:30:06 mixer: Failed to read mixer for "default detected output": no such mixer control: PCM
2025-09-22T21:30:06 client: [127.0.0.1:38628] command returned 0
2025-09-22T21:30:06 client: [127.0.0.1:38628] process command "list Album"
2025-09-22T21:30:06 client: [127.0.0.1:38628] command returned 0
2025-09-22T21:30:06 client: [127.0.0.1:38628] process command "list AlbumArtist"
2025-09-22T21:30:06 client: [127.0.0.1:38628] command returned 0
2025-09-22T21:30:06 client: [127.0.0.1:38628] process command "listplaylists"
2025-09-22T21:30:06 client: [127.0.0.1:38628] command returned 0
2025-09-22T21:30:06 client: [127.0.0.1:38628] process command "list Artist"
2025-09-22T21:30:06 client: [127.0.0.1:38628] command returned 0
2025-09-22T21:30:06 client: [127.0.0.1:38628] process command "lsinfo"
2025-09-22T21:30:06 client: [127.0.0.1:38628] command returned 0
2025-09-22T21:30:06 client: [127.0.0.1:38628] process command "find \"((Album == ''))\""
2025-09-22T21:30:06 client: [127.0.0.1:38628] command returned 0
2025-09-22T21:30:06 client: [127.0.0.1:38628] process command "lsinfo \"MyAlbum\""
2025-09-22T21:30:06 client: [127.0.0.1:38628] command returned 0
2025-09-22T21:30:06 client: [127.0.0.1:38628] process command "idle"
2025-09-22T21:30:06 client: [127.0.0.1:38628] command returned 1
2025-09-22T21:30:29 client: [[::1]:50002] client connected
2025-09-22T21:30:29 client: [[::1]:50002] process command list
2025-09-22T21:30:29 client: process command "update \"\""
2025-09-22T21:30:29 update: spawned thread for update job id 1
2025-09-22T21:30:29 client: command returned 0
2025-09-22T21:30:29 client: [[::1]:50002] process command list returned 0
2025-09-22T21:30:29 client: [[::1]:50002] process command list
2025-09-22T21:30:29 client: process command "status"
2025-09-22T21:30:29 client: command returned 0
2025-09-22T21:30:29 client: process command "currentsong"
2025-09-22T21:30:29 client: command returned 0
2025-09-22T21:30:29 client: [[::1]:50002] process command list returned 0
2025-09-22T21:30:29 update: starting
2025-09-22T21:30:29 simple_db: removing empty directories from DB
2025-09-22T21:30:29 simple_db: sorting DB
2025-09-22T21:30:29 simple_db: writing DB
2025-09-22T21:30:29 update: finished
2025-09-22T21:30:29 update: removing MyAlbum/Kiichi - ヴァルゴ.mp3
2025-09-22T21:30:29 update: removing MyAlbum/SICK HACK - ワタシダケユウレイ.mp3
2025-09-22T21:30:29 update: removing MyAlbum/稲葉曇 - リレイアウター.mp3
2025-09-22T21:30:29 update: removing MyAlbum/稲葉曇 - ラグトレイン.mp3
2025-09-22T21:30:29 update: removing MyAlbum/DECO27 - モニタリング.mp3
2025-09-22T21:30:29 update: removing MyAlbum/32ki, Hatsune Miku, 重音テト - メズマライザー (feat. 初音ミク&重音テト).mp3
2025-09-22T21:30:29 update: removing MyAlbum/9Lana - プロポーズ.mp3
2025-09-22T21:30:29 update: removing MyAlbum/DECO27 - テレパシ.mp3
2025-09-22T21:30:29 update: removing MyAlbum/DECO27 - チェリーポップ.mp3
2025-09-22T21:30:29 update: removing MyAlbum/32ki, Hatsune Miku, 重音テト - オブソミート (feat. 初音ミク&重音テト).mp3
2025-09-22T21:30:29 update: removing MyAlbum/稲葉曇 - レイニーブーツ.mp3
2025-09-22T21:30:29 update: removing MyAlbum/Mindless Self Indulgence - Shut Me Up.mp3
2025-09-22T21:30:29 update: removing MyAlbum/jon-YAKITORY - YAMADA PERFECT.mp3
2025-09-22T21:30:29 update: removing MyAlbum/さたぱんP - YABABAINA.mp3
2025-09-22T21:30:29 update: removing MyAlbum/Weezer - Buddy Holly.mp3
2025-09-22T21:30:29 update: removing MyAlbum/TOKYOPILL - Heaven's ULTRA.mp3
2025-09-22T21:30:29 update: removing MyAlbum/decaying - Triple Baka.mp3
2025-09-22T21:30:29 update: removing MyAlbum/tricot, Audiotree - 18,19 - Audiotree Live Version.mp3
2025-09-22T21:30:29 update: removing MyAlbum/DECO27 - ラビットホール.mp3
2025-09-22T21:30:29 update: removing MyAlbum/Mili - Gone Angels.mp3
2025-09-22T21:30:29 update: removing MyAlbum/SiM - Devil in Your Heart.mp3
2025-09-22T21:30:29 update: removing MyAlbum/柊マグネタイト - Tetoris.mp3
2025-09-22T21:30:29 update: removing MyAlbum/FLAVOR FOLEY - Static.mp3
2025-09-22T21:30:29 update: removing MyAlbum/FLAVOR FOLEY - Spoken For.mp3
2025-09-22T21:30:29 update: removing MyAlbum/whatsaheart - snakelike (the stars collide).mp3
2025-09-22T21:30:29 update: removing MyAlbum/Limp Bizkit - Break Stuff.mp3
2025-09-22T21:30:29 update: removing MyAlbum/sumika - Shake & Shake.mp3
2025-09-22T21:30:29 update: removing MyAlbum/crxw - sch4denfreud3.mp3
2025-09-22T21:30:29 update: removing MyAlbum/Rory in early 20s - Samuto Ischu.mp3
2025-09-22T21:30:29 update: removing MyAlbum/NAKISO - Retry Now.mp3
2025-09-22T21:30:29 update: removing MyAlbum/Machine Girl - Cyan Hardcore.mp3
2025-09-22T21:30:29 update: removing MyAlbum/psiangel - Fill my heart up with sunshine!.mp3
2025-09-22T21:30:29 update: removing MyAlbum/rehirable - look at me haphazardly.mp3
2025-09-22T21:30:29 update: removing MyAlbum/femtanyl - PUSH UR T3MPRR.mp3
2025-09-22T21:30:29 update: removing MyAlbum/Bring Me The Horizon, BABYMETAL - Kingslayer (feat. BABYMETAL).mp3
2025-09-22T21:30:29 update: removing MyAlbum/カロンズベカラズ - Paralyzer.mp3
2025-09-22T21:30:29 update: removing MyAlbum/Yoshida Yasei - Override.mp3
2025-09-22T21:30:29 update: removing MyAlbum/takaokamizuki, Kasane Teto - Ochame Kinou - Cover.mp3
2025-09-22T21:30:29 update: removing MyAlbum/plasterbrain, twzzl - Nimbasa CORE (twzzl Remix).mp3
2025-09-22T21:30:29 update: removing MyAlbum/femtanyl, ISSBROKIE - NASTYWERKKKK!.mp3
2025-09-22T21:30:29 update: removing MyAlbum/Goreshit - Toromi Hearts 2.mp3
2025-09-22T21:30:29 update: removing MyAlbum/Ninomae Ina’nis, Ouro Kronii, Shiori Novella, Gigi Murin - MONSTER.mp3
2025-09-22T21:30:29 update: removing MyAlbum/エレン・ジョー(CV-若山詩音) - MoeChakkaFire.mp3
2025-09-22T21:30:29 update: removing MyAlbum/issey - MoeChakkaFire.mp3
2025-09-22T21:30:29 update: removing MyAlbum/Kit Walters - A Soul Can't Be Cut - Platinum Mix.mp3
2025-09-22T21:30:29 update: removing MyAlbum/BABYMETAL, Slaughter to Prevail - Song 3.mp3
2025-09-22T21:30:29 update: removing MyAlbum/Sasuke Haraguchi - Medicine.mp3
2025-09-22T21:30:29 update: removing MyAlbum/DECO27 - The Vampire.mp3
2025-09-22T21:30:29 update: removing MyAlbum/Dazey and the Scouts - Groan.mp3
2025-09-22T21:30:29 update: removing MyAlbum/SAWTOWNE, Hatsune Miku - M@GICAL CURE! LOVE SHOT! (feat. Hatsune Miku).mp3
2025-09-22T21:30:29 update: removing MyAlbum/whatsaheart - lovesick.mp3
2025-09-22T21:30:29 update: removing MyAlbum/my head hurts - tomoko a cute.mp3
2025-09-22T21:30:29 update: removing MyAlbum/マサラダ - Liar Dancer.mp3
2025-09-22T21:30:29 update: removing MyAlbum/TAK, Hatsune Miku - LEMON MELON COOKIE.mp3
2025-09-22T21:30:29 update: removing MyAlbum/Creepy Nuts - オトノケ - Otonoke.mp3
2025-09-22T21:30:29 update: removing MyAlbum/mekaloton - KILLSWITCH.mp3
2025-09-22T21:30:29 update: removing MyAlbum/femtanyl - KATAMARI.mp3
2025-09-22T21:30:29 update: removing MyAlbum/Vertigoaway - Hexing the Moon.mp3
2025-09-22T21:30:29 update: removing MyAlbum/Sati Akura - INTERNET YAMERO - Russian ver..mp3
2025-09-22T21:30:29 update: removing MyAlbum/NEEDY GIRL OVERDOSE, KOTOKO, Aiobahn +81 - INTERNET YAMERO.mp3
2025-09-22T21:30:29 update: removing MyAlbum/NEEDY GIRL OVERDOSE, KOTOKO, Aiobahn +81 - INTERNET OVERDOSE.mp3
2025-09-22T21:30:29 update: removing MyAlbum/whatsaheart - howling.mp3
2025-09-22T21:30:29 update: removing MyAlbum/Sasuke Haraguchi - HITO Mania.mp3
2025-09-22T21:30:29 update: removing MyAlbum/Kinoshita Crazy, Kasane Teto - Heart Stealing Girl.mp3
2025-09-22T21:30:29 update: removing MyAlbum/Golemm - Untouchable.mp3
2025-09-22T21:30:29 update: removing MyAlbum/Pisca - guoba113一直啊付啊Escape Containment.mp3
2025-09-22T21:30:29 update: removing MyAlbum/Goreshit - Fine Night.mp3
2025-09-22T21:30:29 update: removing MyAlbum/femtanyl - GIRL HELL 1999.mp3
2025-09-22T21:30:29 update: removing MyAlbum/DECO27 - LIAR DANCE.mp3
2025-09-22T21:30:29 update: removing MyAlbum/DECO27 - Ghost Rule.mp3
2025-09-22T21:30:29 update: removing MyAlbum/Duran Duran - INVISIBLE.mp3
2025-09-22T21:30:29 update: removing MyAlbum/Good Kid - From the Start.mp3
2025-09-22T21:30:29 update: removing MyAlbum/whatsaheart - for her.mp3
2025-09-22T21:30:29 update: removing MyAlbum/Enjambre, Denise Gutiérrez - Impacto.mp3
2025-09-22T21:30:29 update: removing MyAlbum/Belanova - Rosa Pastel.mp3
2025-09-22T21:30:29 update: removing MyAlbum/Vertigoaway - Synchro Destruction Wave.mp3
2025-09-22T21:30:29 update: removing MyAlbum/Set It Off - Wolf in Sheep's Clothing (feat. William Beckett).mp3
2025-09-22T21:30:29 update: removing MyAlbum/Aphex Twin - 54 Cymru Beats.mp3
2025-09-22T21:30:29 update: removing MyAlbum/Dr. Love - Don't stand so close.mp3
2025-09-22T21:30:29 update: removing MyAlbum/my head hurts - ending to a worthless life.mp3
2025-09-22T21:30:29 update: removing MyAlbum/Lil Texas - Die Young.mp3
2025-09-22T21:30:29 update: removing MyAlbum/Gorillaz, De La Soul - Feel Good Inc..mp3
2025-09-22T21:30:29 update: removing MyAlbum/Denise - Burning Like A Flame.mp3
2025-09-22T21:30:29 update: removing MyAlbum/$i#dzy - Dawn of f@ilur3.mp3
2025-09-22T21:30:29 update: removing MyAlbum/Vertigoaway - vaginoplasty triology (3 years).mp3
2025-09-22T21:30:29 update: removing MyAlbum/Kairikibear, MARETU - FAILURE GIRL - MARETU Remix.mp3
2025-09-22T21:30:29 update: removing MyAlbum/Jamie Paige - Machine Love.mp3
2025-09-22T21:30:29 update: removing MyAlbum/Jamie Paige - Dance Delightful.mp3
2025-09-22T21:30:29 update: removing MyAlbum/SAWTOWNE - Confessions of a Rotten Girl.mp3
2025-09-22T21:30:29 update: removing MyAlbum/Team Mekano - Spiral 2005 - Total 90s Bliss Remix.mp3
2025-09-22T21:30:29 update: removing MyAlbum/Clarion - Hello Juliet.mp3
2025-09-22T21:30:29 update: removing MyAlbum/Set It Off - I'll Sleep When I'm Dead.mp3
2025-09-22T21:30:29 update: removing MyAlbum/Vane Lily, Jamie Paige, ricedeity - Butcher Vanity.mp3
2025-09-22T21:30:29 update: removing MyAlbum/Ado - Buriki No Dance.mp3
2025-09-22T21:30:29 update: removing MyAlbum/Mili, ENDER LILIES - Bulbel.mp3
2025-09-22T21:30:29 update: removing MyAlbum/Kairikibear - BUG.mp3
2025-09-22T21:30:29 update: removing MyAlbum/MAXIMUM THE HORMONE - ChuChu Lovely MuniMuni MuraMura PrinPrin Boron Nururu ReroRero.mp3
2025-09-22T21:30:29 update: removing MyAlbum/Jamie Paige, OK Glass - BIRDBRAIN.mp3
2025-09-22T21:30:29 update: removing MyAlbum/BRN1NG BRAIN SOUND INDUSTRIES - Love Lv.mp3
2025-09-22T21:30:29 update: removing MyAlbum/BABYMETAL - Gimme Chocolate!!.mp3
2025-09-22T21:30:29 update: removing MyAlbum/Vylet Pony - ANTONYMPH - 2009 N3WGR0UNDZ V3RS10N! 3.mp3
2025-09-22T21:30:29 update: removing MyAlbum/稲葉曇 - Secret Music.mp3
2025-09-22T21:30:29 update: removing MyAlbum/稲葉曇 - Copy and Pastime.mp3
2025-09-22T21:30:29 update: removing MyAlbum/稲葉曇 - Billow of Fireworks.mp3
2025-09-22T21:30:29 update: removing MyAlbum/稲葉曇 - The stars get dark.mp3
2025-09-22T21:30:29 update: removing MyAlbum/稲葉曇 - Floating Moonlight City.mp3
2025-09-22T21:30:29 update: removing MyAlbum/稲葉曇 - An image in the making.mp3
2025-09-22T21:30:29 update: removing MyAlbum/稲葉曇 - Tears Radar.mp3
2025-09-22T21:30:29 update: removing MyAlbum/稲葉曇 - Loop Spinner.mp3
2025-09-22T21:30:29 update: removing MyAlbum/稲葉曇 - COOLER GIRL.mp3
2025-09-22T21:30:29 update: removing MyAlbum/稲葉曇 - Pascal Beats.mp3
2025-09-22T21:30:29 update: removing MyAlbum/稲葉曇 - Lost Umbrella.mp3
2025-09-22T21:30:29 update: removing MyAlbum/稲葉曇 - Anticyclone.mp3
2025-09-22T21:30:29 update: removing MyAlbum/Ado - ROCKSTAR.mp3
2025-09-22T21:30:29 update: removing MyAlbum/Ken Ashcorp - Absolute Territory.mp3
2025-09-22T21:30:29 update: removing MyAlbum/桜島麻衣(CV-瀬戸麻沙美), 古賀朋絵(CV-東山奈央), 双葉理央(CV-種﨑敦美), 豊浜のどか(CV-内田真礼), 梓川かえで(CV-久保ユリカ), 牧之原翔子(CV-水瀬いのり) - 不可思議のカルテ.mp3
2025-09-22T21:30:29 update: removing MyAlbum/稲葉曇 - NON-USE.mp3
2025-09-22T21:30:29 client: [127.0.0.1:38628] process command "idle"
2025-09-22T21:30:29 client: [127.0.0.1:38628] command returned 1
2025-09-22T21:30:29 client: [[::1]:50002] disconnected
2025-09-22T21:30:29 client: [127.0.0.1:38628] process command "idle"
2025-09-22T21:30:29 client: [127.0.0.1:38628] command returned 1
2025-09-22T21:30:29 client: [127.0.0.1:38628] process command "status"
2025-09-22T21:30:29 client: [127.0.0.1:38628] command returned 0
2025-09-22T21:30:29 client: [127.0.0.1:38628] process command "list Album"
2025-09-22T21:30:29 client: [127.0.0.1:38628] command returned 0
2025-09-22T21:30:29 client: [127.0.0.1:38628] process command "list AlbumArtist"
2025-09-22T21:30:29 client: [127.0.0.1:38628] command returned 0
2025-09-22T21:30:29 client: [127.0.0.1:38628] process command "listplaylists"
2025-09-22T21:30:29 client: [127.0.0.1:38628] command returned 0
2025-09-22T21:30:29 client: [127.0.0.1:38628] process command "list Artist"
2025-09-22T21:30:29 client: [127.0.0.1:38628] command returned 0
2025-09-22T21:30:29 client: [127.0.0.1:38628] process command "lsinfo"
2025-09-22T21:30:29 client: [127.0.0.1:38628] command returned 0
2025-09-22T21:30:29 client: [127.0.0.1:38628] process command "idle"
2025-09-22T21:30:29 client: [127.0.0.1:38628] command returned 1
2025-09-22T21:30:34 client: [[::1]:42488] client connected
2025-09-22T21:30:34 client: [[::1]:42488] process command list
2025-09-22T21:30:34 client: process command "tagtypes \"clear\""
2025-09-22T21:30:34 client: command returned 0
2025-09-22T21:30:34 client: [[::1]:42488] process command list returned 0
2025-09-22T21:30:34 client: [[::1]:42488] process command "lsinfo \"\""
2025-09-22T21:30:34 client: [[::1]:42488] command returned 0
2025-09-22T21:30:34 client: [[::1]:42488] disconnected
2025-09-22T21:30:45 state_file: Saving state file /home/tToast/.config/mpd/mpdstate
2025-09-22T21:30:47 mixer: Failed to read mixer for "default detected output": no such mixer control: PCM
2025-09-22T21:32:27 update: added /Set It Off - I'll Sleep When I'm Dead.mp3
2025-09-22T21:32:27 update: added /whatsaheart - lovesick.mp3
2025-09-22T21:32:27 update: added /issey - MoeChakkaFire.mp3
2025-09-22T21:32:27 update: added /takaokamizuki, Kasane Teto - Ochame Kinou - Cover.mp3
2025-09-22T21:32:27 update: added /Kairikibear - BUG.mp3
2025-09-22T21:32:27 update: added /稲葉曇 - Secret Music.mp3
2025-09-22T21:32:27 update: added /plasterbrain, twzzl - Nimbasa CORE (twzzl Remix).mp3
2025-09-22T21:32:27 update: added /Vertigoaway - Hexing the Moon.mp3
2025-09-22T21:32:27 update: added /Dazey and the Scouts - Groan.mp3
2025-09-22T21:32:27 update: added /femtanyl, ISSBROKIE - NASTYWERKKKK!.mp3
2025-09-22T21:32:27 update: added /Pisca - guoba113一直啊付啊Escape Containment.mp3
2025-09-22T21:32:27 update: added /DECO27 - モニタリング.mp3
2025-09-22T21:32:27 update: added /Ken Ashcorp - Absolute Territory.mp3
2025-09-22T21:32:27 update: added /SICK HACK - ワタシダケユウレイ.mp3
2025-09-22T21:32:27 update: added /DECO27 - テレパシ.mp3
2025-09-22T21:32:27 update: added /whatsaheart - howling.mp3
2025-09-22T21:32:27 update: added /Goreshit - Toromi Hearts 2.mp3
2025-09-22T21:32:27 update: added /crxw - sch4denfreud3.mp3
2025-09-22T21:32:27 update: added /Mili, ENDER LILIES - Bulbel.mp3
2025-09-22T21:32:27 update: added /DECO27 - ラビットホール.mp3
2025-09-22T21:32:27 update: added /9Lana - プロポーズ.mp3
2025-09-22T21:32:27 update: added /DECO27 - チェリーポップ.mp3
2025-09-22T21:32:27 update: added /Kinoshita Crazy, Kasane Teto - Heart Stealing Girl.mp3
2025-09-22T21:32:27 update: added /Sati Akura - INTERNET YAMERO - Russian ver..mp3
2025-09-22T21:32:27 update: added /Team Mekano - Spiral 2005 - Total 90s Bliss Remix.mp3
2025-09-22T21:32:27 update: added /Machine Girl - Cyan Hardcore.mp3
2025-09-22T21:32:27 update: added /my head hurts - tomoko a cute.mp3
2025-09-22T21:32:27 update: added /Duran Duran - INVISIBLE.mp3
2025-09-22T21:32:27 update: added /柊マグネタイト - Tetoris.mp3
2025-09-22T21:32:27 update: added /Golemm - Untouchable.mp3
2025-09-22T21:32:27 update: added /Enjambre, Denise Gutiérrez - Impacto.mp3
2025-09-22T21:32:27 update: added /MAXIMUM THE HORMONE - ChuChu Lovely MuniMuni MuraMura PrinPrin Boron Nururu ReroRero.mp3
2025-09-22T21:32:27 update: added /32ki, Hatsune Miku, 重音テト - メズマライザー (feat. 初音ミク&重音テト).mp3
2025-09-22T21:32:27 update: added /Sasuke Haraguchi - HITO Mania.mp3
2025-09-22T21:32:27 update: added /NEEDY GIRL OVERDOSE, KOTOKO, Aiobahn +81 - INTERNET OVERDOSE.mp3
2025-09-22T21:32:27 update: added /Weezer - Buddy Holly.mp3
2025-09-22T21:32:27 update: added /psiangel - Fill my heart up with sunshine!.mp3
2025-09-22T21:32:27 update: added /TOKYOPILL - Heaven's ULTRA.mp3
2025-09-22T21:32:27 update: added /稲葉曇 - Pascal Beats.mp3
2025-09-22T21:32:27 update: added /DECO27 - Ghost Rule.mp3
2025-09-22T21:32:27 update: added /sumika - Shake & Shake.mp3
2025-09-22T21:32:27 update: added /Ado - ROCKSTAR.mp3
2025-09-22T21:32:27 update: added /マサラダ - Liar Dancer.mp3
2025-09-22T21:32:27 update: added /FLAVOR FOLEY - Spoken For.mp3
2025-09-22T21:32:27 update: added /whatsaheart - for her.mp3
2025-09-22T21:32:27 update: added /稲葉曇 - ラグトレイン.mp3
2025-09-22T21:32:27 update: added /Kairikibear, MARETU - FAILURE GIRL - MARETU Remix.mp3
2025-09-22T21:32:27 update: added /さたぱんP - YABABAINA.mp3
2025-09-22T21:32:27 update: added /Jamie Paige - Machine Love.mp3
2025-09-22T21:32:27 update: added /BRN1NG BRAIN SOUND INDUSTRIES - Love Lv.mp3
2025-09-22T21:32:27 update: added /稲葉曇 - リレイアウター.mp3
2025-09-22T21:32:27 update: added /NAKISO - Retry Now.mp3
2025-09-22T21:32:27 update: added /Vertigoaway - Synchro Destruction Wave.mp3
2025-09-22T21:32:27 update: added /tricot, Audiotree - 18,19 - Audiotree Live Version.mp3
2025-09-22T21:32:27 update: added /桜島麻衣(CV-瀬戸麻沙美), 古賀朋絵(CV-東山奈央), 双葉理央(CV-種﨑敦美), 豊浜のどか(CV-内田真礼), 梓川かえで(CV-久保ユリカ), 牧之原翔子(CV-水瀬いのり) - 不可思議のカルテ.mp3
2025-09-22T21:32:27 update: added /Rory in early 20s - Samuto Ischu.mp3
2025-09-22T21:32:27 update: added /稲葉曇 - Lost Umbrella.mp3
2025-09-22T21:32:27 update: added /femtanyl - PUSH UR T3MPRR.mp3
2025-09-22T21:32:27 update: added /Clarion - Hello Juliet.mp3
2025-09-22T21:32:27 update: added /Jamie Paige - Dance Delightful.mp3
2025-09-22T21:32:27 update: added /Aphex Twin - 54 Cymru Beats.mp3
2025-09-22T21:32:27 update: added /Dr. Love - Don't stand so close.mp3
2025-09-22T21:32:27 update: added /Creepy Nuts - オトノケ - Otonoke.mp3
2025-09-22T21:32:27 update: added /TAK, Hatsune Miku - LEMON MELON COOKIE.mp3
2025-09-22T21:32:27 update: added /Ninomae Ina’nis, Ouro Kronii, Shiori Novella, Gigi Murin - MONSTER.mp3
2025-09-22T21:32:27 update: added /稲葉曇 - Anticyclone.mp3
2025-09-22T21:32:27 update: added /Vylet Pony - ANTONYMPH - 2009 N3WGR0UNDZ V3RS10N! 3.mp3
Warning: Xing stream size off by more than 1%, fuzzy seeking may be even more fuzzy than by design!
2025-09-22T21:32:27 update: added /稲葉曇 - NON-USE.mp3
2025-09-22T21:32:27 update: added /稲葉曇 - Floating Moonlight City.mp3
2025-09-22T21:32:27 update: added /Kiichi - ヴァルゴ.mp3
2025-09-22T21:32:27 update: added /rehirable - look at me haphazardly.mp3
2025-09-22T21:32:27 update: added /Mindless Self Indulgence - Shut Me Up.mp3
2025-09-22T21:32:27 update: added /femtanyl - KATAMARI.mp3
2025-09-22T21:32:27 update: added /BABYMETAL, Slaughter to Prevail - Song 3.mp3
2025-09-22T21:32:27 update: added /Sasuke Haraguchi - Medicine.mp3
2025-09-22T21:32:27 update: added /Vane Lily, Jamie Paige, ricedeity - Butcher Vanity.mp3
2025-09-22T21:32:27 update: added /Yoshida Yasei - Override.mp3
2025-09-22T21:32:27 update: added /my head hurts - ending to a worthless life.mp3
2025-09-22T21:32:27 update: added /DECO27 - LIAR DANCE.mp3
2025-09-22T21:32:27 update: added /稲葉曇 - Loop Spinner.mp3
2025-09-22T21:32:27 update: added /Bring Me The Horizon, BABYMETAL - Kingslayer (feat. BABYMETAL).mp3
2025-09-22T21:32:27 update: added /Kit Walters - A Soul Can't Be Cut - Platinum Mix.mp3
2025-09-22T21:32:27 update: added /mekaloton - KILLSWITCH.mp3
2025-09-22T21:32:27 update: added /稲葉曇 - Tears Radar.mp3
2025-09-22T21:32:27 update: added /NEEDY GIRL OVERDOSE, KOTOKO, Aiobahn +81 - INTERNET YAMERO.mp3
2025-09-22T21:32:27 update: added /Set It Off - Wolf in Sheep's Clothing (feat. William Beckett).mp3
2025-09-22T21:32:27 update: added /稲葉曇 - Billow of Fireworks.mp3
2025-09-22T21:32:27 update: added /$i#dzy - Dawn of f@ilur3.mp3
2025-09-22T21:32:27 update: added /稲葉曇 - レイニーブーツ.mp3
2025-09-22T21:32:27 update: added /whatsaheart - snakelike (the stars collide).mp3
2025-09-22T21:32:27 update: added /DECO27 - The Vampire.mp3
2025-09-22T21:32:27 update: added /Limp Bizkit - Break Stuff.mp3
2025-09-22T21:32:27 update: added /Vertigoaway - vaginoplasty triology (3 years).mp3
2025-09-22T21:32:27 update: added /decaying - Triple Baka.mp3
2025-09-22T21:32:27 update: added /Belanova - Rosa Pastel.mp3
2025-09-22T21:32:27 update: added /SiM - Devil in Your Heart.mp3
2025-09-22T21:32:27 update: added /Good Kid - From the Start.mp3
2025-09-22T21:32:27 update: added /稲葉曇 - The stars get dark.mp3
2025-09-22T21:32:27 update: added /SAWTOWNE - Confessions of a Rotten Girl.mp3
2025-09-22T21:32:27 update: added /稲葉曇 - COOLER GIRL.mp3
2025-09-22T21:32:27 update: added /Ado - Buriki No Dance.mp3
2025-09-22T21:32:27 update: added /稲葉曇 - An image in the making.mp3
2025-09-22T21:32:27 update: added /FLAVOR FOLEY - Static.mp3
2025-09-22T21:32:27 update: added /32ki, Hatsune Miku, 重音テト - オブソミート (feat. 初音ミク&重音テト).mp3
2025-09-22T21:32:27 update: added /Mili - Gone Angels.mp3
2025-09-22T21:32:27 update: added /BABYMETAL - Gimme Chocolate!!.mp3
2025-09-22T21:32:27 update: added /Lil Texas - Die Young.mp3
2025-09-22T21:32:27 update: added /SAWTOWNE, Hatsune Miku - M@GICAL CURE! LOVE SHOT! (feat. Hatsune Miku).mp3
2025-09-22T21:32:27 update: added /エレン・ジョー(CV-若山詩音) - MoeChakkaFire.mp3
2025-09-22T21:32:27 update: added /Gorillaz, De La Soul - Feel Good Inc..mp3
2025-09-22T21:32:27 update: added /jon-YAKITORY - YAMADA PERFECT.mp3
2025-09-22T21:32:27 update: added /femtanyl - GIRL HELL 1999.mp3
2025-09-22T21:32:27 update: added /カロンズベカラズ - Paralyzer.mp3
2025-09-22T21:32:27 update: added /Denise - Burning Like A Flame.mp3
2025-09-22T21:32:27 update: added /Goreshit - Fine Night.mp3
2025-09-22T21:32:27 update: added /Jamie Paige, OK Glass - BIRDBRAIN.mp3
2025-09-22T21:32:27 update: added /稲葉曇 - Copy and Pastime.mp3
2025-09-22T21:33:22 exception: No such directory
2025-09-22T21:33:39 exception: No such directory
2025-09-22T21:33:46 exception: Access to local files via TCP is not allowed
2025-09-22T21:33:56 exception: Access to local files via TCP is not allowed
2025-09-22T21:34:32 output: Failed to open mixer for "default detected output": no such mixer control: PCM
Warning: Xing stream size off by more than 1%, fuzzy seeking may be even more fuzzy than by design!
Warning: Xing stream size off by more than 1%, fuzzy seeking may be even more fuzzy than by design!
2025-09-22T21:36:08 output: Failed to open mixer for "default detected output": no such mixer control: PCM
2025-09-22T21:36:11 output: Failed to open mixer for "default detected output": no such mixer control: PCM
2025-09-22T21:36:14 output: Failed to open mixer for "default detected output": no such mixer control: PCM
2025-09-22T21:38:53 output: Failed to open mixer for "default detected output": no such mixer control: PCM
2025-09-22T21:39:02 output: Failed to open mixer for "default detected output": no such mixer control: PCM
2025-09-22T21:39:50 output: Failed to open mixer for "default detected output": no such mixer control: PCM
2025-09-22T21:40:09 output: Failed to open mixer for "default detected output": no such mixer control: PCM
2025-09-22T21:41:22 player: played "稲葉曇 - COOLER GIRL.mp3"
2025-09-22T21:43:23 player: played "稲葉曇 - COOLER GIRL.mp3"
2025-09-22T21:45:11 player: played "稲葉曇 - COOLER GIRL.mp3"
2025-09-22T21:48:36 player: played "稲葉曇 - Loop Spinner.mp3"
2025-09-22T23:03:11 player: played "稲葉曇 - Tears Radar.mp3"
2025-09-22T23:26:01 state_file: Loading state file /home/tToast/.config/mpd/mpdstate
2025-09-22T23:26:01 event: RTIOThread could not get realtime scheduling, continuing anyway: sched_setscheduler failed: Operation not permitted
2025-09-22T23:26:01 playlist: queue song 1:"稲葉曇 - Tears Radar.mp3"
2025-09-22T23:26:01 inotify: initializing inotify
2025-09-22T23:26:01 decoder_thread: probing plugin mpg123
2025-09-22T23:26:01 decoder: audio_format=48000:16:2, seekable=true
2025-09-22T23:26:01 inotify: watching music directory
2025-09-22T23:26:01 output: OutputThread could not get realtime scheduling, continuing anyway: sched_setscheduler failed: Operation not permitted
2025-09-22T23:26:15 client: [[::1]:59038] client connected
2025-09-22T23:26:15 client: [[::1]:59038] process command "binarylimit 262144"
2025-09-22T23:26:15 client: [[::1]:59038] command returned 0
2025-09-22T23:26:15 client: [[::1]:59038] process command "commands"
2025-09-22T23:26:15 client: [[::1]:59038] command returned 0
2025-09-22T23:26:15 client: [[::1]:59038] process command "status"
2025-09-22T23:26:15 client: [[::1]:59038] command returned 0
2025-09-22T23:26:15 client: [[::1]:59038] process command "playlistinfo"
2025-09-22T23:26:15 client: [[::1]:59038] command returned 0
2025-09-22T23:26:15 client: [[::1]:59038] process command "idle"
2025-09-22T23:26:15 client: [[::1]:59038] command returned 1
2025-09-22T23:26:15 client: [[::1]:59038] process command "albumart \"plasterbrain, twzzl - Nimbasa CORE (twzzl Remix).mp3\" 0"
2025-09-22T23:26:15 client: [[::1]:59038] command returned 3
2025-09-22T23:26:15 client: [[::1]:59038] process command "albumart \"plasterbrain, twzzl - Nimbasa CORE (twzzl Remix).mp3\" 0"
2025-09-22T23:26:15 client: [[::1]:59038] command returned 3
2025-09-22T23:26:15 client: [[::1]:59038] process command "readpicture \"plasterbrain, twzzl - Nimbasa CORE (twzzl Remix).mp3\" 0"
2025-09-22T23:26:15 client: [[::1]:59038] command returned 0
2025-09-22T23:26:15 client: [[::1]:59038] process command "readpicture \"plasterbrain, twzzl - Nimbasa CORE (twzzl Remix).mp3\" 197093"
2025-09-22T23:26:15 client: [[::1]:59038] command returned 0
2025-09-22T23:26:15 client: [[::1]:59038] process command "idle"
2025-09-22T23:26:15 client: [[::1]:59038] command returned 1
2025-09-22T23:26:33 client: [[::1]:59038] disconnected
2025-09-22T23:26:34 state_file: Saving state file /home/tToast/.config/mpd/mpdstate
2025-09-22T23:26:34 player: played "plasterbrain, twzzl - Nimbasa CORE (twzzl Remix).mp3"
2025-09-22T23:28:44 player: played "plasterbrain, twzzl - Nimbasa CORE (twzzl Remix).mp3"
2025-09-22T23:31:07 player: played "jon-YAKITORY - YAMADA PERFECT.mp3"
2025-09-22T23:34:13 player: played "MAXIMUM THE HORMONE - ChuChu Lovely MuniMuni MuraMura PrinPrin Boron Nururu ReroRero.mp3"
